Stage 8 unattended lifecycle
Started:  2026-08-19T10:14:56Z
Host:     nf-grc-a4-rocky
OS:       
Marker:   synthetic-service-marker=UBI-A8-0725D08E95BE
Ansible:  ansible [core 2.14.18]
Pytest:   pytest 8.4.2
Baseline: /project/before/sshd-effective.txt

===============================================================
STAGE: 1/8 baseline service tests
TIME:  2026-08-19T10:15:04Z
===============================================================
synthetic-service-marker=UBI-A8-0725D08E95BE
active
active
active
RESULT: PASS - service contract exit 0

===============================================================
STAGE: 2/8 apply hardening
TIME:  2026-08-19T10:15:06Z
===============================================================

PLAY [Apply netforge host hardening] *******************************************

TASK [Gathering Facts] *********************************************************
ok: [localhost]

TASK [hardening-role : HR-001/002 - harden sshd drop-in configuration] *********
changed: [localhost]

TASK [hardening-role : HR-003 - set web root ownership and mode] ***************
ok: [localhost]

TASK [hardening-role : HR-003 - remove world-writable bit from web content] ****
changed: [localhost]

TASK [hardening-role : HR-004 - restrict core dump limits] *********************
changed: [localhost]

TASK [hardening-role : HR-004 - disable systemd coredump storage] **************
changed: [localhost]

TASK [hardening-role : HR-004 - disable systemd coredump backtraces] ***********
changed: [localhost]

TASK [hardening-role : HR-005/006/007/008 - apply and persist kernel parameters] ***
changed: [localhost] => (item=net.ipv4.conf.all.accept_redirects)
changed: [localhost] => (item=net.ipv4.conf.default.accept_redirects)
changed: [localhost] => (item=net.ipv4.conf.all.send_redirects)
changed: [localhost] => (item=net.ipv4.conf.default.send_redirects)
changed: [localhost] => (item=kernel.randomize_va_space)
changed: [localhost] => (item=net.ipv4.tcp_syncookies)

TASK [hardening-role : HR-009 - install login banners] *************************
changed: [localhost] => (item=/etc/issue)
changed: [localhost] => (item=/etc/issue.net)

TASK [hardening-role : HR-010 - set default umask in login.defs] ***************
changed: [localhost]

TASK [hardening-role : HR-011 - ensure firewalld is running] *******************
ok: [localhost]

TASK [hardening-role : HR-011 - trust the loopback interface] ******************
changed: [localhost] => (item=lo)

TASK [hardening-role : HR-011 - restrict spoofed loopback traffic to the loopback interface] ***
changed: [localhost] => (item=ipv4 127.0.0.1)
changed: [localhost] => (item=ipv6 ::1)

RUNNING HANDLER [hardening-role : validate sshd configuration] *****************
ok: [localhost]

RUNNING HANDLER [hardening-role : restart sshd] ********************************
changed: [localhost]

RUNNING HANDLER [hardening-role : reload firewalld] ****************************
changed: [localhost]

PLAY RECAP *********************************************************************
localhost                  : ok=16   changed=12   unreachable=0    failed=0    skipped=0    rescued=0    ignored=0   
changed tasks on first apply: 12
RESULT: PASS - apply completed with 12 changed task(s)

===============================================================
STAGE: 3/8 second apply (idempotence)
TIME:  2026-08-19T10:16:25Z
===============================================================

PLAY [Apply netforge host hardening] *******************************************

TASK [Gathering Facts] *********************************************************
ok: [localhost]

TASK [hardening-role : HR-001/002 - harden sshd drop-in configuration] *********
ok: [localhost]

TASK [hardening-role : HR-003 - set web root ownership and mode] ***************
ok: [localhost]

TASK [hardening-role : HR-003 - remove world-writable bit from web content] ****
ok: [localhost]

TASK [hardening-role : HR-004 - restrict core dump limits] *********************
ok: [localhost]

TASK [hardening-role : HR-004 - disable systemd coredump storage] **************
ok: [localhost]

TASK [hardening-role : HR-004 - disable systemd coredump backtraces] ***********
ok: [localhost]

TASK [hardening-role : HR-005/006/007/008 - apply and persist kernel parameters] ***
ok: [localhost] => (item=net.ipv4.conf.all.accept_redirects)
ok: [localhost] => (item=net.ipv4.conf.default.accept_redirects)
ok: [localhost] => (item=net.ipv4.conf.all.send_redirects)
ok: [localhost] => (item=net.ipv4.conf.default.send_redirects)
ok: [localhost] => (item=kernel.randomize_va_space)
ok: [localhost] => (item=net.ipv4.tcp_syncookies)

TASK [hardening-role : HR-009 - install login banners] *************************
ok: [localhost] => (item=/etc/issue)
ok: [localhost] => (item=/etc/issue.net)

TASK [hardening-role : HR-010 - set default umask in login.defs] ***************
ok: [localhost]

TASK [hardening-role : HR-011 - ensure firewalld is running] *******************
ok: [localhost]

TASK [hardening-role : HR-011 - trust the loopback interface] ******************
ok: [localhost] => (item=lo)

TASK [hardening-role : HR-011 - restrict spoofed loopback traffic to the loopback interface] ***
ok: [localhost] => (item=ipv4 127.0.0.1)
ok: [localhost] => (item=ipv6 ::1)

PLAY RECAP *********************************************************************
localhost                  : ok=13   changed=0    unreachable=0    failed=0    skipped=0    rescued=0    ignored=0   
changed tasks on second apply: 0
RESULT: PASS - second apply reported changed=0

===============================================================
STAGE: 4/8 service tests (hardened)
TIME:  2026-08-19T10:17:38Z
===============================================================
synthetic-service-marker=UBI-A8-0725D08E95BE
active
active
active
RESULT: PASS - service contract exit 0
.........................................................                [100%]
57 passed in 16.51s
RESULT: PASS - acceptance suite green on hardened host

===============================================================
STAGE: 5/8 rollback
TIME:  2026-08-19T10:18:03Z
===============================================================

PLAY [Roll back netforge host hardening] ***************************************

TASK [Gathering Facts] *********************************************************
ok: [localhost]

TASK [rollback : RB-001/002 - restore baseline sshd drop-in] *******************
changed: [localhost]

TASK [rollback : RB-003 - restore baseline web content permissions] ************
changed: [localhost]

TASK [rollback : RB-004 - restore baseline core dump limits] *******************
changed: [localhost]

TASK [rollback : RB-004 - remove systemd coredump storage setting] *************
changed: [localhost]

TASK [rollback : RB-004 - remove systemd coredump backtrace setting] ***********
changed: [localhost]

TASK [rollback : RB-005/006/007/008 - remove persisted hardening sysctl file] ***
changed: [localhost]

TASK [rollback : RB-005 - read current runtime kernel values] ******************
ok: [localhost] => (item=net.ipv4.conf.all.accept_redirects)

TASK [rollback : RB-005 - restore baseline runtime kernel values where they differ] ***
changed: [localhost] => (item=net.ipv4.conf.all.accept_redirects)

TASK [rollback : RB-009 - restore baseline /etc/issue] *************************
changed: [localhost]

TASK [rollback : RB-009 - restore baseline /etc/issue.net] *********************
changed: [localhost]

TASK [rollback : RB-010 - restore baseline umask in login.defs] ****************
changed: [localhost]

TASK [rollback : RB-011 - remove the loopback anti-spoofing rich rules] ********
changed: [localhost] => (item=ipv4 127.0.0.1)
changed: [localhost] => (item=ipv6 ::1)

TASK [rollback : RB-011 - remove superseded public-zone loopback drop rules] ***
ok: [localhost] => (item=127.0.0.0/8)
ok: [localhost] => (item=::1)

TASK [rollback : RB-011 - remove loopback from the trusted zone] ***************
changed: [localhost] => (item=lo)

RUNNING HANDLER [rollback : validate sshd configuration] ***********************
ok: [localhost]

RUNNING HANDLER [rollback : restart sshd] **************************************
changed: [localhost]

RUNNING HANDLER [rollback : reload firewalld] **********************************
changed: [localhost]

PLAY RECAP *********************************************************************
localhost                  : ok=18   changed=14   unreachable=0    failed=0    skipped=0    rescued=0    ignored=0   
changed tasks on rollback: 14
RESULT: PASS - rollback completed with 14 changed task(s)

===============================================================
STAGE: 6/8 baseline verification
TIME:  2026-08-19T10:19:46Z
===============================================================
RESULT: PASS - sshd effective config matches the captured baseline exactly
RESULT: PASS - baseline sshd defect restored (permitrootlogin yes)
web content mode after rollback: 666 (baseline 666)
RESULT: PASS - web content restored to baseline mode
RESULT: PASS - hardening sysctl declaration removed, as at baseline
synthetic-service-marker=UBI-A8-0725D08E95BE
active
active
active
RESULT: PASS - service contract exit 0

===============================================================
STAGE: 7/8 reapply
TIME:  2026-08-19T10:19:48Z
===============================================================

PLAY [Apply netforge host hardening] *******************************************

TASK [Gathering Facts] *********************************************************
ok: [localhost]

TASK [hardening-role : HR-001/002 - harden sshd drop-in configuration] *********
changed: [localhost]

TASK [hardening-role : HR-003 - set web root ownership and mode] ***************
ok: [localhost]

TASK [hardening-role : HR-003 - remove world-writable bit from web content] ****
changed: [localhost]

TASK [hardening-role : HR-004 - restrict core dump limits] *********************
changed: [localhost]

TASK [hardening-role : HR-004 - disable systemd coredump storage] **************
changed: [localhost]

TASK [hardening-role : HR-004 - disable systemd coredump backtraces] ***********
changed: [localhost]

TASK [hardening-role : HR-005/006/007/008 - apply and persist kernel parameters] ***
changed: [localhost] => (item=net.ipv4.conf.all.accept_redirects)
changed: [localhost] => (item=net.ipv4.conf.default.accept_redirects)
changed: [localhost] => (item=net.ipv4.conf.all.send_redirects)
changed: [localhost] => (item=net.ipv4.conf.default.send_redirects)
changed: [localhost] => (item=kernel.randomize_va_space)
changed: [localhost] => (item=net.ipv4.tcp_syncookies)

TASK [hardening-role : HR-009 - install login banners] *************************
changed: [localhost] => (item=/etc/issue)
changed: [localhost] => (item=/etc/issue.net)

TASK [hardening-role : HR-010 - set default umask in login.defs] ***************
changed: [localhost]

TASK [hardening-role : HR-011 - ensure firewalld is running] *******************
ok: [localhost]

TASK [hardening-role : HR-011 - trust the loopback interface] ******************
changed: [localhost] => (item=lo)

TASK [hardening-role : HR-011 - restrict spoofed loopback traffic to the loopback interface] ***
changed: [localhost] => (item=ipv4 127.0.0.1)
changed: [localhost] => (item=ipv6 ::1)

RUNNING HANDLER [hardening-role : validate sshd configuration] *****************
ok: [localhost]

RUNNING HANDLER [hardening-role : restart sshd] ********************************
changed: [localhost]

RUNNING HANDLER [hardening-role : reload firewalld] ****************************
changed: [localhost]

PLAY RECAP *********************************************************************
localhost                  : ok=16   changed=12   unreachable=0    failed=0    skipped=0    rescued=0    ignored=0   
changed tasks on reapply: 12
RESULT: PASS - reapply restored hardening with 12 changed task(s)

PLAY [Apply netforge host hardening] *******************************************

TASK [Gathering Facts] *********************************************************
ok: [localhost]

TASK [hardening-role : HR-001/002 - harden sshd drop-in configuration] *********
ok: [localhost]

TASK [hardening-role : HR-003 - set web root ownership and mode] ***************
ok: [localhost]

TASK [hardening-role : HR-003 - remove world-writable bit from web content] ****
ok: [localhost]

TASK [hardening-role : HR-004 - restrict core dump limits] *********************
ok: [localhost]

TASK [hardening-role : HR-004 - disable systemd coredump storage] **************
ok: [localhost]

TASK [hardening-role : HR-004 - disable systemd coredump backtraces] ***********
ok: [localhost]

TASK [hardening-role : HR-005/006/007/008 - apply and persist kernel parameters] ***
ok: [localhost] => (item=net.ipv4.conf.all.accept_redirects)
ok: [localhost] => (item=net.ipv4.conf.default.accept_redirects)
ok: [localhost] => (item=net.ipv4.conf.all.send_redirects)
ok: [localhost] => (item=net.ipv4.conf.default.send_redirects)
ok: [localhost] => (item=kernel.randomize_va_space)
ok: [localhost] => (item=net.ipv4.tcp_syncookies)

TASK [hardening-role : HR-009 - install login banners] *************************
ok: [localhost] => (item=/etc/issue)
ok: [localhost] => (item=/etc/issue.net)

TASK [hardening-role : HR-010 - set default umask in login.defs] ***************
ok: [localhost]

TASK [hardening-role : HR-011 - ensure firewalld is running] *******************
ok: [localhost]

TASK [hardening-role : HR-011 - trust the loopback interface] ******************
ok: [localhost] => (item=lo)

TASK [hardening-role : HR-011 - restrict spoofed loopback traffic to the loopback interface] ***
ok: [localhost] => (item=ipv4 127.0.0.1)
ok: [localhost] => (item=ipv6 ::1)

PLAY RECAP *********************************************************************
localhost                  : ok=13   changed=0    unreachable=0    failed=0    skipped=0    rescued=0    ignored=0   
changed tasks on second reapply: 0
RESULT: PASS - reapply is idempotent
synthetic-service-marker=UBI-A8-0725D08E95BE
active
active
active
RESULT: PASS - service contract exit 0

===============================================================
STAGE: 8/8 final acceptance suite
TIME:  2026-08-19T10:21:45Z
===============================================================
.........................................................                [100%]
--------------- generated xml file: /project/service-results.xml ---------------
57 passed in 12.47s
RESULT: PASS - acceptance suite green, service-results.xml regenerated

===============================================================
STAGE: SUMMARY
TIME:  2026-08-19T10:21:59Z
===============================================================
Finished:      2026-08-19T10:21:59Z
Failed stages: 0
LIFECYCLE RESULT: PASS
